    http://wrongwaycn.github.com/bootstrap/docs/assets/js/jquery.js
    http://wrongwaycn.github.com/bootstrap/docs/assets/js/google-code-prettify/prettify.js
    http://wrongwaycn.github.com/bootstrap/docs/assets/js/bootstrap-transition.js
    http://wrongwaycn.github.com/bootstrap/docs/assets/js/bootstrap-alert.js
    http://wrongwaycn.github.com/bootstrap/docs/assets/js/bootstrap-modal.js
    http://wrongwaycn.github.com/bootstrap/docs/assets/js/bootstrap-dropdown.js
    http://wrongwaycn.github.com/bootstrap/docs/assets/js/bootstrap-scrollspy.js
    http://wrongwaycn.github.com/bootstrap/docs/assets/js/bootstrap-tab.js
    http://wrongwaycn.github.com/bootstrap/docs/assets/js/bootstrap-tooltip.js
    http://wrongwaycn.github.com/bootstrap/docs/assets/js/bootstrap-popover.js
    http://wrongwaycn.github.com/bootstrap/docs/assets/js/bootstrap-button.js
    http://wrongwaycn.github.com/bootstrap/docs/assets/js/bootstrap-collapse.js
    http://wrongwaycn.github.com/bootstrap/docs/assets/js/bootstrap-carousel.js
    http://wrongwaycn.github.com/bootstrap/docs/assets/js/bootstrap-typeahead.js
    http://wrongwaycn.github.com/bootstrap/docs/assets/js/application.js
    http://wrongwaycn.github.com/bootstrap/docs/assets/js/customize.js
	http://wrongwaycn.github.com/bootstrap/docs/assets/css/bootstrap.css
    http://wrongwaycn.github.com/bootstrap/docs/assets/css/bootstrap-responsive.css
    http://wrongwaycn.github.com/bootstrap/docs/assets/css/docs.css
    http://wrongwaycn.github.com/bootstrap/docs/assets/js/google-code-prettify/prettify.css
	